// Jest Snapshot v1, https://goo.gl/fbAQLP

exports[`Header component matches snapshot 1`] = `
<DocumentFragment>
  <header
    class="header"
  >
    <div
      class="logo"
    >
      <img
        alt=""
        src="mock-logo-path.png"
      />
       Система управления проектом
    </div>
    <div
      data-testid="auth-component"
    >
      Auth
    </div>
  </header>
</DocumentFragment>
`;
